2025-04-20 15:58:32 [error]: Error: Missing credentials for "PLAIN"
    at SMTPConnection._formatError (C:\Users\Alsaudia Computer\Desktop\salonsphere\Salonsphere\.next\server\chunks\node_modules_nodemailer_a9f338b9._.js:15501:19)
    at SMTPConnection.login (C:\Users\Alsaudia Computer\Desktop\salonsphere\Salonsphere\.next\server\chunks\node_modules_nodemailer_a9f338b9._.js:15225:38)
    at C:\Users\Alsaudia Computer\Desktop\salonsphere\Salonsphere\.next\server\chunks\node_modules_nodemailer_a9f338b9._.js:17595:32
    at SMTPConnection.<anonymous> (C:\Users\Alsaudia Computer\Desktop\salonsphere\Salonsphere\.next\server\chunks\node_modules_nodemailer_a9f338b9._.js:15035:17)
    at Object.onceWrapper (node:events:631:28)
    at SMTPConnection.emit (node:events:517:28)
    at SMTPConnection._actionEHLO (C:\Users\Alsaudia Computer\Desktop\salonsphere\Salonsphere\.next\server\chunks\node_modules_nodemailer_a9f338b9._.js:15951:14)
    at SMTPConnection._processResponse (C:\Users\Alsaudia Computer\Desktop\salonsphere\Salonsphere\.next\server\chunks\node_modules_nodemailer_a9f338b9._.js:15642:20)
    at SMTPConnection._onData (C:\Users\Alsaudia Computer\Desktop\salonsphere\Salonsphere\.next\server\chunks\node_modules_nodemailer_a9f338b9._.js:15474:14)
    at SMTPConnection._onSocketData (C:\Users\Alsaudia Computer\Desktop\salonsphere\Salonsphere\.next\server\chunks\node_modules_nodemailer_a9f338b9._.js:15020:48)
    at TLSSocket.emit (node:events:517:28)
    at addChunk (node:internal/streams/readable:335:12)
    at readableAddChunk (node:internal/streams/readable:308:9)
    at Readable.push (node:internal/streams/readable:245:10)
    at TLSWrap.onStreamRead (node:internal/stream_base_commons:190:23)
    at TLSWrap.callbackTrampoline (node:internal/async_hooks:130:17)
2025-04-20 15:58:32 [error]: Error: Failed to send verification email
    at sendVerificationEmail (C:\Users\Alsaudia Computer\Desktop\salonsphere\Salonsphere\.next\server\chunks\[root-of-the-server]__489cdecb._.js:543:15)
    at process.processTicksAndRejections (node:internal/process/task_queues:95:5)
    at async POST (C:\Users\Alsaudia Computer\Desktop\salonsphere\Salonsphere\.next\server\chunks\[root-of-the-server]__489cdecb._.js:600:9)
    at async AppRouteRouteModule.do (C:\Users\Alsaudia Computer\Desktop\salonsphere\Salonsphere\node_modules\next\dist\compiled\next-server\app-route-turbo.runtime.dev.js:26:34112)
    at async AppRouteRouteModule.handle (C:\Users\Alsaudia Computer\Desktop\salonsphere\Salonsphere\node_modules\next\dist\compiled\next-server\app-route-turbo.runtime.dev.js:26:41338)
    at async doRender (C:\Users\Alsaudia Computer\Desktop\salonsphere\Salonsphere\node_modules\next\dist\server\base-server.js:1513:42)
    at async DevServer.renderToResponseWithComponentsImpl (C:\Users\Alsaudia Computer\Desktop\salonsphere\Salonsphere\node_modules\next\dist\server\base-server.js:1915:28)
    at async DevServer.renderPageComponent (C:\Users\Alsaudia Computer\Desktop\salonsphere\Salonsphere\node_modules\next\dist\server\base-server.js:2403:24)
    at async DevServer.renderToResponseImpl (C:\Users\Alsaudia Computer\Desktop\salonsphere\Salonsphere\node_modules\next\dist\server\base-server.js:2440:32)
    at async DevServer.pipeImpl (C:\Users\Alsaudia Computer\Desktop\salonsphere\Salonsphere\node_modules\next\dist\server\base-server.js:1007:25)
    at async NextNodeServer.handleCatchallRenderRequest (C:\Users\Alsaudia Computer\Desktop\salonsphere\Salonsphere\node_modules\next\dist\server\next-server.js:305:17)
    at async DevServer.handleRequestImpl (C:\Users\Alsaudia Computer\Desktop\salonsphere\Salonsphere\node_modules\next\dist\server\base-server.js:899:17)
    at async C:\Users\Alsaudia Computer\Desktop\salonsphere\Salonsphere\node_modules\next\dist\server\dev\next-dev-server.js:371:20
    at async Span.traceAsyncFn (C:\Users\Alsaudia Computer\Desktop\salonsphere\Salonsphere\node_modules\next\dist\trace\trace.js:157:20)
    at async DevServer.handleRequest (C:\Users\Alsaudia Computer\Desktop\salonsphere\Salonsphere\node_modules\next\dist\server\dev\next-dev-server.js:368:24)
    at async invokeRender (C:\Users\Alsaudia Computer\Desktop\salonsphere\Salonsphere\node_modules\next\dist\server\lib\router-server.js:237:21)
    at async handleRequest (C:\Users\Alsaudia Computer\Desktop\salonsphere\Salonsphere\node_modules\next\dist\server\lib\router-server.js:428:24)
    at async requestHandlerImpl (C:\Users\Alsaudia Computer\Desktop\salonsphere\Salonsphere\node_modules\next\dist\server\lib\router-server.js:452:13)
    at async Server.requestListener (C:\Users\Alsaudia Computer\Desktop\salonsphere\Salonsphere\node_modules\next\dist\server\lib\start-server.js:158:13)
2025-04-20 15:59:39 [error]: Error: Missing credentials for "PLAIN"
    at SMTPConnection._formatError (C:\Users\Alsaudia Computer\Desktop\salonsphere\Salonsphere\.next\server\chunks\node_modules_nodemailer_a9f338b9._.js:15501:19)
    at SMTPConnection.login (C:\Users\Alsaudia Computer\Desktop\salonsphere\Salonsphere\.next\server\chunks\node_modules_nodemailer_a9f338b9._.js:15225:38)
    at C:\Users\Alsaudia Computer\Desktop\salonsphere\Salonsphere\.next\server\chunks\node_modules_nodemailer_a9f338b9._.js:17595:32
    at SMTPConnection.<anonymous> (C:\Users\Alsaudia Computer\Desktop\salonsphere\Salonsphere\.next\server\chunks\node_modules_nodemailer_a9f338b9._.js:15035:17)
    at Object.onceWrapper (node:events:631:28)
    at SMTPConnection.emit (node:events:517:28)
    at SMTPConnection._actionEHLO (C:\Users\Alsaudia Computer\Desktop\salonsphere\Salonsphere\.next\server\chunks\node_modules_nodemailer_a9f338b9._.js:15951:14)
    at SMTPConnection._processResponse (C:\Users\Alsaudia Computer\Desktop\salonsphere\Salonsphere\.next\server\chunks\node_modules_nodemailer_a9f338b9._.js:15642:20)
    at SMTPConnection._onData (C:\Users\Alsaudia Computer\Desktop\salonsphere\Salonsphere\.next\server\chunks\node_modules_nodemailer_a9f338b9._.js:15474:14)
    at SMTPConnection._onSocketData (C:\Users\Alsaudia Computer\Desktop\salonsphere\Salonsphere\.next\server\chunks\node_modules_nodemailer_a9f338b9._.js:15020:48)
    at TLSSocket.emit (node:events:517:28)
    at addChunk (node:internal/streams/readable:335:12)
    at readableAddChunk (node:internal/streams/readable:308:9)
    at Readable.push (node:internal/streams/readable:245:10)
    at TLSWrap.onStreamRead (node:internal/stream_base_commons:190:23)
    at TLSWrap.callbackTrampoline (node:internal/async_hooks:130:17)
2025-04-20 15:59:39 [error]: Error: Failed to send verification email
    at sendVerificationEmail (C:\Users\Alsaudia Computer\Desktop\salonsphere\Salonsphere\.next\server\chunks\[root-of-the-server]__489cdecb._.js:543:15)
    at process.processTicksAndRejections (node:internal/process/task_queues:95:5)
    at async POST (C:\Users\Alsaudia Computer\Desktop\salonsphere\Salonsphere\.next\server\chunks\[root-of-the-server]__489cdecb._.js:600:9)
    at async AppRouteRouteModule.do (C:\Users\Alsaudia Computer\Desktop\salonsphere\Salonsphere\node_modules\next\dist\compiled\next-server\app-route-turbo.runtime.dev.js:26:34112)
    at async AppRouteRouteModule.handle (C:\Users\Alsaudia Computer\Desktop\salonsphere\Salonsphere\node_modules\next\dist\compiled\next-server\app-route-turbo.runtime.dev.js:26:41338)
    at async doRender (C:\Users\Alsaudia Computer\Desktop\salonsphere\Salonsphere\node_modules\next\dist\server\base-server.js:1513:42)
    at async DevServer.renderToResponseWithComponentsImpl (C:\Users\Alsaudia Computer\Desktop\salonsphere\Salonsphere\node_modules\next\dist\server\base-server.js:1915:28)
    at async DevServer.renderPageComponent (C:\Users\Alsaudia Computer\Desktop\salonsphere\Salonsphere\node_modules\next\dist\server\base-server.js:2403:24)
    at async DevServer.renderToResponseImpl (C:\Users\Alsaudia Computer\Desktop\salonsphere\Salonsphere\node_modules\next\dist\server\base-server.js:2440:32)
    at async DevServer.pipeImpl (C:\Users\Alsaudia Computer\Desktop\salonsphere\Salonsphere\node_modules\next\dist\server\base-server.js:1007:25)
    at async NextNodeServer.handleCatchallRenderRequest (C:\Users\Alsaudia Computer\Desktop\salonsphere\Salonsphere\node_modules\next\dist\server\next-server.js:305:17)
    at async DevServer.handleRequestImpl (C:\Users\Alsaudia Computer\Desktop\salonsphere\Salonsphere\node_modules\next\dist\server\base-server.js:899:17)
    at async C:\Users\Alsaudia Computer\Desktop\salonsphere\Salonsphere\node_modules\next\dist\server\dev\next-dev-server.js:371:20
    at async Span.traceAsyncFn (C:\Users\Alsaudia Computer\Desktop\salonsphere\Salonsphere\node_modules\next\dist\trace\trace.js:157:20)
    at async DevServer.handleRequest (C:\Users\Alsaudia Computer\Desktop\salonsphere\Salonsphere\node_modules\next\dist\server\dev\next-dev-server.js:368:24)
    at async invokeRender (C:\Users\Alsaudia Computer\Desktop\salonsphere\Salonsphere\node_modules\next\dist\server\lib\router-server.js:237:21)
    at async handleRequest (C:\Users\Alsaudia Computer\Desktop\salonsphere\Salonsphere\node_modules\next\dist\server\lib\router-server.js:428:24)
    at async requestHandlerImpl (C:\Users\Alsaudia Computer\Desktop\salonsphere\Salonsphere\node_modules\next\dist\server\lib\router-server.js:452:13)
    at async Server.requestListener (C:\Users\Alsaudia Computer\Desktop\salonsphere\Salonsphere\node_modules\next\dist\server\lib\start-server.js:158:13)
2025-04-20 16:12:56 [error]: MongoServerSelectionError: connect ECONNREFUSED ::1:27017
    at Timeout._onTimeout (C:\Users\Alsaudia Computer\Desktop\salonsphere\Salonsphere\node_modules\mongodb\lib\sdam\topology.js:278:38)
    at listOnTimeout (node:internal/timers:569:17)
    at process.processTimers (node:internal/timers:512:7)
2025-04-20 18:40:11 [error]: MongoServerSelectionError: connect ECONNREFUSED ::1:27017
    at Timeout._onTimeout (C:\Users\Alsaudia Computer\Desktop\salonsphere\Salonsphere\node_modules\mongodb\lib\sdam\topology.js:278:38)
    at listOnTimeout (node:internal/timers:569:17)
    at process.processTimers (node:internal/timers:512:7)
2025-04-20 19:29:23 [error]: Error: Missing credentials for "PLAIN"
    at SMTPConnection._formatError (C:\Users\Alsaudia Computer\Desktop\salonsphere\Salonsphere\.next\server\chunks\node_modules_nodemailer_a9f338b9._.js:15501:19)
    at SMTPConnection.login (C:\Users\Alsaudia Computer\Desktop\salonsphere\Salonsphere\.next\server\chunks\node_modules_nodemailer_a9f338b9._.js:15225:38)
    at C:\Users\Alsaudia Computer\Desktop\salonsphere\Salonsphere\.next\server\chunks\node_modules_nodemailer_a9f338b9._.js:17595:32
    at SMTPConnection.<anonymous> (C:\Users\Alsaudia Computer\Desktop\salonsphere\Salonsphere\.next\server\chunks\node_modules_nodemailer_a9f338b9._.js:15035:17)
    at Object.onceWrapper (node:events:631:28)
    at SMTPConnection.emit (node:events:517:28)
    at SMTPConnection._actionEHLO (C:\Users\Alsaudia Computer\Desktop\salonsphere\Salonsphere\.next\server\chunks\node_modules_nodemailer_a9f338b9._.js:15951:14)
    at SMTPConnection._processResponse (C:\Users\Alsaudia Computer\Desktop\salonsphere\Salonsphere\.next\server\chunks\node_modules_nodemailer_a9f338b9._.js:15642:20)
    at SMTPConnection._onData (C:\Users\Alsaudia Computer\Desktop\salonsphere\Salonsphere\.next\server\chunks\node_modules_nodemailer_a9f338b9._.js:15474:14)
    at SMTPConnection._onSocketData (C:\Users\Alsaudia Computer\Desktop\salonsphere\Salonsphere\.next\server\chunks\node_modules_nodemailer_a9f338b9._.js:15020:48)
    at TLSSocket.emit (node:events:517:28)
    at addChunk (node:internal/streams/readable:335:12)
    at readableAddChunk (node:internal/streams/readable:308:9)
    at Readable.push (node:internal/streams/readable:245:10)
    at TLSWrap.onStreamRead (node:internal/stream_base_commons:190:23)
    at TLSWrap.callbackTrampoline (node:internal/async_hooks:130:17)
2025-04-20 19:29:23 [error]: Error: Failed to send verification email
    at sendVerificationEmail (C:\Users\Alsaudia Computer\Desktop\salonsphere\Salonsphere\.next\server\chunks\[root-of-the-server]__489cdecb._.js:573:15)
    at process.processTicksAndRejections (node:internal/process/task_queues:95:5)
    at async POST (C:\Users\Alsaudia Computer\Desktop\salonsphere\Salonsphere\.next\server\chunks\[root-of-the-server]__489cdecb._.js:630:9)
    at async AppRouteRouteModule.do (C:\Users\Alsaudia Computer\Desktop\salonsphere\Salonsphere\node_modules\next\dist\compiled\next-server\app-route-turbo.runtime.dev.js:26:34112)
    at async AppRouteRouteModule.handle (C:\Users\Alsaudia Computer\Desktop\salonsphere\Salonsphere\node_modules\next\dist\compiled\next-server\app-route-turbo.runtime.dev.js:26:41338)
    at async doRender (C:\Users\Alsaudia Computer\Desktop\salonsphere\Salonsphere\node_modules\next\dist\server\base-server.js:1513:42)
    at async DevServer.renderToResponseWithComponentsImpl (C:\Users\Alsaudia Computer\Desktop\salonsphere\Salonsphere\node_modules\next\dist\server\base-server.js:1915:28)
    at async DevServer.renderPageComponent (C:\Users\Alsaudia Computer\Desktop\salonsphere\Salonsphere\node_modules\next\dist\server\base-server.js:2403:24)
    at async DevServer.renderToResponseImpl (C:\Users\Alsaudia Computer\Desktop\salonsphere\Salonsphere\node_modules\next\dist\server\base-server.js:2440:32)
    at async DevServer.pipeImpl (C:\Users\Alsaudia Computer\Desktop\salonsphere\Salonsphere\node_modules\next\dist\server\base-server.js:1007:25)
    at async NextNodeServer.handleCatchallRenderRequest (C:\Users\Alsaudia Computer\Desktop\salonsphere\Salonsphere\node_modules\next\dist\server\next-server.js:305:17)
    at async DevServer.handleRequestImpl (C:\Users\Alsaudia Computer\Desktop\salonsphere\Salonsphere\node_modules\next\dist\server\base-server.js:899:17)
    at async C:\Users\Alsaudia Computer\Desktop\salonsphere\Salonsphere\node_modules\next\dist\server\dev\next-dev-server.js:371:20
    at async Span.traceAsyncFn (C:\Users\Alsaudia Computer\Desktop\salonsphere\Salonsphere\node_modules\next\dist\trace\trace.js:157:20)
    at async DevServer.handleRequest (C:\Users\Alsaudia Computer\Desktop\salonsphere\Salonsphere\node_modules\next\dist\server\dev\next-dev-server.js:368:24)
    at async invokeRender (C:\Users\Alsaudia Computer\Desktop\salonsphere\Salonsphere\node_modules\next\dist\server\lib\router-server.js:237:21)
    at async handleRequest (C:\Users\Alsaudia Computer\Desktop\salonsphere\Salonsphere\node_modules\next\dist\server\lib\router-server.js:428:24)
    at async requestHandlerImpl (C:\Users\Alsaudia Computer\Desktop\salonsphere\Salonsphere\node_modules\next\dist\server\lib\router-server.js:452:13)
    at async Server.requestListener (C:\Users\Alsaudia Computer\Desktop\salonsphere\Salonsphere\node_modules\next\dist\server\lib\start-server.js:158:13)
