2025-04-16 02:57:35 [error]: JsonWebTokenError: jwt malformed
    at module.exports.[project]/node_modules/jsonwebtoken/verify.js [app-route] (ecmascript).module.exports [as verify] (C:\Users\Alsaudia Computer\Desktop\salonsphere\Salonsphere\.next\server\chunks\node_modules_6c57a2._.js:1009:21)
    at verifyToken (C:\Users\Alsaudia Computer\Desktop\salonsphere\Salonsphere\.next\server\chunks\[root of the server]__6ba021._.js:104:159)
    at POST (C:\Users\Alsaudia Computer\Desktop\salonsphere\Salonsphere\.next\server\chunks\[root of the server]__6ba021._.js:291:161)
    at AsyncLocalStorage.run (node:async_hooks:327:14)
    at AppRouteRouteModule.do (C:\Users\Alsaudia Computer\Desktop\salonsphere\Salonsphere\node_modules\next\dist\compiled\next-server\app-route.runtime.dev.js:10:32926)
    at C:\Users\Alsaudia Computer\Desktop\salonsphere\Salonsphere\node_modules\next\dist\compiled\next-server\app-route.runtime.dev.js:10:42314
    at C:\Users\Alsaudia Computer\Desktop\salonsphere\Salonsphere\node_modules\next\dist\server\lib\trace\tracer.js:169:36
    at NoopContextManager.with (C:\Users\Alsaudia Computer\Desktop\salonsphere\Salonsphere\node_modules\next\dist\compiled\@opentelemetry\api\index.js:1:7062)
    at ContextAPI.with (C:\Users\Alsaudia Computer\Desktop\salonsphere\Salonsphere\node_modules\next\dist\compiled\@opentelemetry\api\index.js:1:518)
    at NoopTracer.startActiveSpan (C:\Users\Alsaudia Computer\Desktop\salonsphere\Salonsphere\node_modules\next\dist\compiled\@opentelemetry\api\index.js:1:18093)
    at ProxyTracer.startActiveSpan (C:\Users\Alsaudia Computer\Desktop\salonsphere\Salonsphere\node_modules\next\dist\compiled\@opentelemetry\api\index.js:1:18854)
    at C:\Users\Alsaudia Computer\Desktop\salonsphere\Salonsphere\node_modules\next\dist\server\lib\trace\tracer.js:151:103
    at NoopContextManager.with (C:\Users\Alsaudia Computer\Desktop\salonsphere\Salonsphere\node_modules\next\dist\compiled\@opentelemetry\api\index.js:1:7062)
    at ContextAPI.with (C:\Users\Alsaudia Computer\Desktop\salonsphere\Salonsphere\node_modules\next\dist\compiled\@opentelemetry\api\index.js:1:518)
    at NextTracerImpl.trace (C:\Users\Alsaudia Computer\Desktop\salonsphere\Salonsphere\node_modules\next\dist\server\lib\trace\tracer.js:151:28)
    at C:\Users\Alsaudia Computer\Desktop\salonsphere\Salonsphere\node_modules\next\dist\compiled\next-server\app-route.runtime.dev.js:10:42175
    at AsyncLocalStorage.run (node:async_hooks:338:14)
    at C:\Users\Alsaudia Computer\Desktop\salonsphere\Salonsphere\node_modules\next\dist\compiled\next-server\app-route.runtime.dev.js:10:39987
    at AsyncLocalStorage.run (node:async_hooks:338:14)
    at C:\Users\Alsaudia Computer\Desktop\salonsphere\Salonsphere\node_modules\next\dist\compiled\next-server\app-route.runtime.dev.js:10:39944
    at AsyncLocalStorage.run (node:async_hooks:338:14)
    at AppRouteRouteModule.handle (C:\Users\Alsaudia Computer\Desktop\salonsphere\Salonsphere\node_modules\next\dist\compiled\next-server\app-route.runtime.dev.js:10:39898)
    at doRender (C:\Users\Alsaudia Computer\Desktop\salonsphere\Salonsphere\node_modules\next\dist\server\base-server.js:1452:60)
    at responseGenerator (C:\Users\Alsaudia Computer\Desktop\salonsphere\Salonsphere\node_modules\next\dist\server\base-server.js:1822:34)
    at ResponseCache.get (C:\Users\Alsaudia Computer\Desktop\salonsphere\Salonsphere\node_modules\next\dist\server\response-cache\index.js:49:20)
    at DevServer.renderToResponseWithComponentsImpl (C:\Users\Alsaudia Computer\Desktop\salonsphere\Salonsphere\node_modules\next\dist\server\base-server.js:1832:53)
    at C:\Users\Alsaudia Computer\Desktop\salonsphere\Salonsphere\node_modules\next\dist\server\base-server.js:1067:121
    at NextTracerImpl.trace (C:\Users\Alsaudia Computer\Desktop\salonsphere\Salonsphere\node_modules\next\dist\server\lib\trace\tracer.js:134:20)
    at DevServer.renderToResponseWithComponents (C:\Users\Alsaudia Computer\Desktop\salonsphere\Salonsphere\node_modules\next\dist\server\base-server.js:1067:41)
    at DevServer.renderPageComponent (C:\Users\Alsaudia Computer\Desktop\salonsphere\Salonsphere\node_modules\next\dist\server\base-server.js:2259:35)
    at async DevServer.renderToResponseImpl (C:\Users\Alsaudia Computer\Desktop\salonsphere\Salonsphere\node_modules\next\dist\server\base-server.js:2297:32)
    at async DevServer.pipeImpl (C:\Users\Alsaudia Computer\Desktop\salonsphere\Salonsphere\node_modules\next\dist\server\base-server.js:959:25)
    at async NextNodeServer.handleCatchallRenderRequest (C:\Users\Alsaudia Computer\Desktop\salonsphere\Salonsphere\node_modules\next\dist\server\next-server.js:281:17)
    at async DevServer.handleRequestImpl (C:\Users\Alsaudia Computer\Desktop\salonsphere\Salonsphere\node_modules\next\dist\server\base-server.js:853:17)
    at async C:\Users\Alsaudia Computer\Desktop\salonsphere\Salonsphere\node_modules\next\dist\server\dev\next-dev-server.js:371:20
    at async Span.traceAsyncFn (C:\Users\Alsaudia Computer\Desktop\salonsphere\Salonsphere\node_modules\next\dist\trace\trace.js:153:20)
    at async DevServer.handleRequest (C:\Users\Alsaudia Computer\Desktop\salonsphere\Salonsphere\node_modules\next\dist\server\dev\next-dev-server.js:368:24)
    at async invokeRender (C:\Users\Alsaudia Computer\Desktop\salonsphere\Salonsphere\node_modules\next\dist\server\lib\router-server.js:230:21)
    at async handleRequest (C:\Users\Alsaudia Computer\Desktop\salonsphere\Salonsphere\node_modules\next\dist\server\lib\router-server.js:408:24)
    at async requestHandlerImpl (C:\Users\Alsaudia Computer\Desktop\salonsphere\Salonsphere\node_modules\next\dist\server\lib\router-server.js:432:13)
    at async Server.requestListener (C:\Users\Alsaudia Computer\Desktop\salonsphere\Salonsphere\node_modules\next\dist\server\lib\start-server.js:146:13)
2025-04-16 03:00:10 [error]: JsonWebTokenError: jwt malformed
    at module.exports.[project]/node_modules/jsonwebtoken/verify.js [app-route] (ecmascript).module.exports [as verify] (C:\Users\Alsaudia Computer\Desktop\salonsphere\Salonsphere\.next\server\chunks\node_modules_6c57a2._.js:1009:21)
    at verifyToken (C:\Users\Alsaudia Computer\Desktop\salonsphere\Salonsphere\.next\server\chunks\[root of the server]__6ba021._.js:104:159)
    at POST (C:\Users\Alsaudia Computer\Desktop\salonsphere\Salonsphere\.next\server\chunks\[root of the server]__6ba021._.js:291:161)
    at AsyncLocalStorage.run (node:async_hooks:327:14)
    at AppRouteRouteModule.do (C:\Users\Alsaudia Computer\Desktop\salonsphere\Salonsphere\node_modules\next\dist\compiled\next-server\app-route.runtime.dev.js:10:32926)
    at C:\Users\Alsaudia Computer\Desktop\salonsphere\Salonsphere\node_modules\next\dist\compiled\next-server\app-route.runtime.dev.js:10:42314
    at C:\Users\Alsaudia Computer\Desktop\salonsphere\Salonsphere\node_modules\next\dist\server\lib\trace\tracer.js:169:36
    at NoopContextManager.with (C:\Users\Alsaudia Computer\Desktop\salonsphere\Salonsphere\node_modules\next\dist\compiled\@opentelemetry\api\index.js:1:7062)
    at ContextAPI.with (C:\Users\Alsaudia Computer\Desktop\salonsphere\Salonsphere\node_modules\next\dist\compiled\@opentelemetry\api\index.js:1:518)
    at NoopTracer.startActiveSpan (C:\Users\Alsaudia Computer\Desktop\salonsphere\Salonsphere\node_modules\next\dist\compiled\@opentelemetry\api\index.js:1:18093)
    at ProxyTracer.startActiveSpan (C:\Users\Alsaudia Computer\Desktop\salonsphere\Salonsphere\node_modules\next\dist\compiled\@opentelemetry\api\index.js:1:18854)
    at C:\Users\Alsaudia Computer\Desktop\salonsphere\Salonsphere\node_modules\next\dist\server\lib\trace\tracer.js:151:103
    at NoopContextManager.with (C:\Users\Alsaudia Computer\Desktop\salonsphere\Salonsphere\node_modules\next\dist\compiled\@opentelemetry\api\index.js:1:7062)
    at ContextAPI.with (C:\Users\Alsaudia Computer\Desktop\salonsphere\Salonsphere\node_modules\next\dist\compiled\@opentelemetry\api\index.js:1:518)
    at NextTracerImpl.trace (C:\Users\Alsaudia Computer\Desktop\salonsphere\Salonsphere\node_modules\next\dist\server\lib\trace\tracer.js:151:28)
    at C:\Users\Alsaudia Computer\Desktop\salonsphere\Salonsphere\node_modules\next\dist\compiled\next-server\app-route.runtime.dev.js:10:42175
    at AsyncLocalStorage.run (node:async_hooks:338:14)
    at C:\Users\Alsaudia Computer\Desktop\salonsphere\Salonsphere\node_modules\next\dist\compiled\next-server\app-route.runtime.dev.js:10:39987
    at AsyncLocalStorage.run (node:async_hooks:338:14)
    at C:\Users\Alsaudia Computer\Desktop\salonsphere\Salonsphere\node_modules\next\dist\compiled\next-server\app-route.runtime.dev.js:10:39944
    at AsyncLocalStorage.run (node:async_hooks:338:14)
    at AppRouteRouteModule.handle (C:\Users\Alsaudia Computer\Desktop\salonsphere\Salonsphere\node_modules\next\dist\compiled\next-server\app-route.runtime.dev.js:10:39898)
    at doRender (C:\Users\Alsaudia Computer\Desktop\salonsphere\Salonsphere\node_modules\next\dist\server\base-server.js:1452:60)
    at responseGenerator (C:\Users\Alsaudia Computer\Desktop\salonsphere\Salonsphere\node_modules\next\dist\server\base-server.js:1822:34)
    at ResponseCache.get (C:\Users\Alsaudia Computer\Desktop\salonsphere\Salonsphere\node_modules\next\dist\server\response-cache\index.js:49:20)
    at DevServer.renderToResponseWithComponentsImpl (C:\Users\Alsaudia Computer\Desktop\salonsphere\Salonsphere\node_modules\next\dist\server\base-server.js:1832:53)
    at C:\Users\Alsaudia Computer\Desktop\salonsphere\Salonsphere\node_modules\next\dist\server\base-server.js:1067:121
    at NextTracerImpl.trace (C:\Users\Alsaudia Computer\Desktop\salonsphere\Salonsphere\node_modules\next\dist\server\lib\trace\tracer.js:134:20)
    at DevServer.renderToResponseWithComponents (C:\Users\Alsaudia Computer\Desktop\salonsphere\Salonsphere\node_modules\next\dist\server\base-server.js:1067:41)
    at DevServer.renderPageComponent (C:\Users\Alsaudia Computer\Desktop\salonsphere\Salonsphere\node_modules\next\dist\server\base-server.js:2259:35)
    at async DevServer.renderToResponseImpl (C:\Users\Alsaudia Computer\Desktop\salonsphere\Salonsphere\node_modules\next\dist\server\base-server.js:2297:32)
    at async DevServer.pipeImpl (C:\Users\Alsaudia Computer\Desktop\salonsphere\Salonsphere\node_modules\next\dist\server\base-server.js:959:25)
    at async NextNodeServer.handleCatchallRenderRequest (C:\Users\Alsaudia Computer\Desktop\salonsphere\Salonsphere\node_modules\next\dist\server\next-server.js:281:17)
    at async DevServer.handleRequestImpl (C:\Users\Alsaudia Computer\Desktop\salonsphere\Salonsphere\node_modules\next\dist\server\base-server.js:853:17)
    at async C:\Users\Alsaudia Computer\Desktop\salonsphere\Salonsphere\node_modules\next\dist\server\dev\next-dev-server.js:371:20
    at async Span.traceAsyncFn (C:\Users\Alsaudia Computer\Desktop\salonsphere\Salonsphere\node_modules\next\dist\trace\trace.js:153:20)
    at async DevServer.handleRequest (C:\Users\Alsaudia Computer\Desktop\salonsphere\Salonsphere\node_modules\next\dist\server\dev\next-dev-server.js:368:24)
    at async invokeRender (C:\Users\Alsaudia Computer\Desktop\salonsphere\Salonsphere\node_modules\next\dist\server\lib\router-server.js:230:21)
    at async handleRequest (C:\Users\Alsaudia Computer\Desktop\salonsphere\Salonsphere\node_modules\next\dist\server\lib\router-server.js:408:24)
    at async requestHandlerImpl (C:\Users\Alsaudia Computer\Desktop\salonsphere\Salonsphere\node_modules\next\dist\server\lib\router-server.js:432:13)
    at async Server.requestListener (C:\Users\Alsaudia Computer\Desktop\salonsphere\Salonsphere\node_modules\next\dist\server\lib\start-server.js:146:13)
2025-04-16 18:05:19 [error]: TokenExpiredError: jwt expired
    at C:\Users\Alsaudia Computer\Desktop\salonsphere\Salonsphere\.next\server\chunks\node_modules_cd68a6._.js:2989:29
    at getSecret (C:\Users\Alsaudia Computer\Desktop\salonsphere\Salonsphere\.next\server\chunks\node_modules_cd68a6._.js:2909:20)
    at module.exports.[project]/node_modules/jsonwebtoken/verify.js [app-route] (ecmascript).module.exports [as verify] (C:\Users\Alsaudia Computer\Desktop\salonsphere\Salonsphere\.next\server\chunks\node_modules_cd68a6._.js:2912:12)
    at verifyToken (C:\Users\Alsaudia Computer\Desktop\salonsphere\Salonsphere\.next\server\chunks\[root of the server]__4547f5._.js:263:159)
    at POST (C:\Users\Alsaudia Computer\Desktop\salonsphere\Salonsphere\.next\server\chunks\[root of the server]__4547f5._.js:458:161)
    at async AppRouteRouteModule.do (C:\Users\Alsaudia Computer\Desktop\salonsphere\Salonsphere\node_modules\next\dist\compiled\next-server\app-route.runtime.dev.js:10:32847)
